node.exe : error: unknown 
option '--no-lint'
At line:1 char:1
+ & "C:\Program 
Files\nodejs/node.exe" 
"C:\Program 
Files\nodejs/node_mo ...
+ ~~~~~~~~~~~~~~~~~~~~~~~~~
~~~~~~~~~~~~~~~~~~~~~~~~~~~
~~~~~~~~~~~~~~~~~
    + CategoryInfo         
     : NotSpecified: (err  
  or: unknown option '--   
 no-lint':String) [], R    
emoteException
    + FullyQualifiedErrorI 
   d : NativeCommandError
 
